ValidationFinalizeGas:testFinalizeGas() (gas: 0)
ValidationFinalizeGas:testForceFinalizeGas() (gas: 0)
